MPLINK 4.37, Linker
Linker Map File - Created Thu May 19 22:13:23 2011

                                 Section Info
                  Section       Type    Address   Location Size(Bytes)
                ---------  ---------  ---------  ---------  ---------
               _entry_scn       code   0x000000    program   0x000006
       .code__user_putc.o       code   0x000006    program   0x000002
              high_vector       code   0x000008    program   0x000006
                   .cinit    romdata   0x00000e    program   0x00000e
         .code_vfprintf.o       code   0x00001c    program   0x000c22
     .code_SHT1x_helper.o       code   0x000c3e    program   0x0007ea
                     PROG       code   0x001428    program   0x000510
             .code_main.o       code   0x001938    program   0x0003de
            .code_SHT1x.o       code   0x001d16    program   0x000390
           .code_cusart.o       code   0x0020a6    program   0x0000fc
          .code_sprintf.o       code   0x0021a2    program   0x0000ac
               _cinit_scn       code   0x00224e    program   0x00009e
            .code_uopen.o       code   0x0022ec    program   0x00008a
             .code_putc.o       code   0x002376    program   0x000084
          .code_fxm3232.o       code   0x0023fa    program   0x000070
          .code_adcopen.o       code   0x00246a    program   0x00006e
                   STRING       code   0x0024d8    program   0x000066
            .code_uputs.o       code   0x00253e    program   0x00004c
         .code_fxd3232u.o       code   0x00258a    program   0x000048
           .code_t1open.o       code   0x0025d2    program   0x000042
            .code_uread.o       code   0x002614    program   0x00003e
            .code_delay.o       code   0x002652    program   0x00003e
          .code_t1write.o       code   0x002690    program   0x000038
             D10KTCYXCODE       code   0x0026c8    program   0x00002e
           .code_uwrite.o       code   0x0026f6    program   0x00002e
         .code_fxd1616u.o       code   0x002724    program   0x00002c
                    CTYPE       code   0x002750    program   0x000024
                    .code       code   0x002774    program   0x000020
             _startup_scn       code   0x002794    program   0x00001c
                    STDIO       code   0x0027b0    program   0x00001c
             .stringtable    romdata   0x0027cc    program   0x000016
          .code_adcread.o       code   0x0027e2    program   0x000012
      .romdata_vfprintf.o    romdata   0x0027f4    program   0x000011
         .romdata_udefs.o    romdata   0x002805    program   0x000000
       .idata_t1write.o_i    romdata   0x002805    program   0x000000
    .idata__user_putc.o_i    romdata   0x002805    program   0x000000
       .romdata_t1write.o    romdata   0x002805    program   0x000000
         .idata_udefs.o_i    romdata   0x002805    program   0x000000
        .idata_uwrite.o_i    romdata   0x002805    program   0x000000
        .romdata_uwrite.o    romdata   0x002805    program   0x000000
    .romdata__user_putc.o    romdata   0x002805    program   0x000000
        .idata___init.o_i    romdata   0x002805    program   0x000000
        .romdata___init.o    romdata   0x002805    program   0x000000
         .idata_uputs.o_i    romdata   0x002805    program   0x000000
          .romdata_putc.o    romdata   0x002805    program   0x000000
         .romdata_uputs.o    romdata   0x002805    program   0x000000
          .idata_putc.o_i    romdata   0x002805    program   0x000000
       .idata_sprintf.o_i    romdata   0x002805    program   0x000000
       .romdata_sprintf.o    romdata   0x002805    program   0x000000
      .idata_vfprintf.o_i    romdata   0x002805    program   0x000000
       .romdata_fxm3232.o    romdata   0x002805    program   0x000000
       .idata_fxm3232.o_i    romdata   0x002805    program   0x000000
      .idata_fxd3232u.o_i    romdata   0x002805    program   0x000000
      .romdata_fxd3232u.o    romdata   0x002805    program   0x000000
         .idata_c018i.o_i    romdata   0x002805    program   0x000000
         .romdata_c018i.o    romdata   0x002805    program   0x000000
          .romdata_main.o    romdata   0x002805    program   0x000000
         .idata_SHT1x.o_i    romdata   0x002805    program   0x000000
         .romdata_SHT1x.o    romdata   0x002805    program   0x000000
         .idata_delay.o_i    romdata   0x002805    program   0x000000
         .romdata_delay.o    romdata   0x002805    program   0x000000
        .idata_cusart.o_i    romdata   0x002805    program   0x000000
        .romdata_cusart.o    romdata   0x002805    program   0x000000
  .idata_SHT1x_helper.o_i    romdata   0x002805    program   0x000000
  .romdata_SHT1x_helper.o    romdata   0x002805    program   0x000000
       .idata_adcbusy.o_i    romdata   0x002805    program   0x000000
       .romdata_adcbusy.o    romdata   0x002805    program   0x000000
       .idata_adcconv.o_i    romdata   0x002805    program   0x000000
       .romdata_adcconv.o    romdata   0x002805    program   0x000000
         .romdata_uread.o    romdata   0x002805    program   0x000000
         .idata_uread.o_i    romdata   0x002805    program   0x000000
       .romdata_adcread.o    romdata   0x002805    program   0x000000
       .idata_adcread.o_i    romdata   0x002805    program   0x000000
         .romdata_uopen.o    romdata   0x002805    program   0x000000
         .idata_uopen.o_i    romdata   0x002805    program   0x000000
        .romdata_t1open.o    romdata   0x002805    program   0x000000
        .idata_t1open.o_i    romdata   0x002805    program   0x000000
       .romdata_adcopen.o    romdata   0x002805    program   0x000000
       .idata_adcopen.o_i    romdata   0x002805    program   0x000000
      .romdata_fxd1616u.o    romdata   0x002805    program   0x000000
      .idata_fxd1616u.o_i    romdata   0x002805    program   0x000000
            .code_udefs.o       code   0x002806    program   0x000000
          .code_adcbusy.o       code   0x002806    program   0x00000a
            .code_c018i.o       code   0x002806    program   0x000000
          .code_adcconv.o       code   0x002810    program   0x000004
           .code___init.o       code   0x002814    program   0x000002
          .idata_main.o_i    romdata   0x002816    program   0x000013
    .config_300001_main.o    romdata   0x300001    program   0x000001
    .config_300002_main.o    romdata   0x300002    program   0x000001
    .config_300003_main.o    romdata   0x300003    program   0x000001
    .config_300005_main.o    romdata   0x300005    program   0x000001
    .config_300006_main.o    romdata   0x300006    program   0x000001
                 .tmpdata      udata   0x000000       data   0x00001c
                MATH_DATA      udata   0x00001c       data   0x000014
                DELAYDAT2      udata   0x000030       data   0x000001
                DELAYDAT1      udata   0x000031       data   0x000001
                   mydata      udata   0x000080       data   0x00004b
            .idata_main.o      idata   0x0000cb       data   0x000013
           .udata_c018i.o      udata   0x0000de       data   0x00000a
           .udata_udefs.o      udata   0x0000e8       data   0x000001
          .udata_cusart.o      udata   0x0000e9       data   0x000001
           .udata_uputs.o      udata   0x0000ea       data   0x000000
          .idata___init.o      idata   0x0000ea       data   0x000000
          .udata___init.o      udata   0x0000ea       data   0x000000
          .idata_uwrite.o      idata   0x0000ea       data   0x000000
          .udata_uwrite.o      udata   0x0000ea       data   0x000000
         .idata_t1write.o      idata   0x0000ea       data   0x000000
         .udata_t1write.o      udata   0x0000ea       data   0x000000
           .idata_udefs.o      idata   0x0000ea       data   0x000000
           .idata_uread.o      idata   0x0000ea       data   0x000000
           .udata_uread.o      udata   0x0000ea       data   0x000000
           .idata_uputs.o      idata   0x0000ea       data   0x000000
         .udata_sprintf.o      udata   0x0000ea       data   0x000000
         .idata_sprintf.o      idata   0x0000ea       data   0x000000
        .udata_vfprintf.o      udata   0x0000ea       data   0x000000
        .idata_vfprintf.o      idata   0x0000ea       data   0x000000
        .udata_fxd3232u.o      udata   0x0000ea       data   0x000000
        .idata_fxd3232u.o      idata   0x0000ea       data   0x000000
         .udata_fxm3232.o      udata   0x0000ea       data   0x000000
         .idata_fxm3232.o      idata   0x0000ea       data   0x000000
            .udata_putc.o      udata   0x0000ea       data   0x000000
            .idata_putc.o      idata   0x0000ea       data   0x000000
      .udata__user_putc.o      udata   0x0000ea       data   0x000000
      .idata__user_putc.o      idata   0x0000ea       data   0x000000
           .idata_c018i.o      idata   0x0000ea       data   0x000000
            .udata_main.o      udata   0x0000ea       data   0x000000
           .udata_SHT1x.o      udata   0x0000ea       data   0x000000
           .idata_SHT1x.o      idata   0x0000ea       data   0x000000
           .udata_delay.o      udata   0x0000ea       data   0x000000
           .idata_delay.o      idata   0x0000ea       data   0x000000
          .idata_cusart.o      idata   0x0000ea       data   0x000000
    .udata_SHT1x_helper.o      udata   0x0000ea       data   0x000000
    .idata_SHT1x_helper.o      idata   0x0000ea       data   0x000000
         .udata_adcbusy.o      udata   0x0000ea       data   0x000000
         .idata_adcbusy.o      idata   0x0000ea       data   0x000000
         .udata_adcconv.o      udata   0x0000ea       data   0x000000
         .idata_adcconv.o      idata   0x0000ea       data   0x000000
        .udata_fxd1616u.o      udata   0x0000ea       data   0x000000
        .idata_fxd1616u.o      idata   0x0000ea       data   0x000000
         .udata_adcopen.o      udata   0x0000ea       data   0x000000
         .idata_adcopen.o      idata   0x0000ea       data   0x000000
          .udata_t1open.o      udata   0x0000ea       data   0x000000
          .idata_t1open.o      idata   0x0000ea       data   0x000000
           .udata_uopen.o      udata   0x0000ea       data   0x000000
           .idata_uopen.o      idata   0x0000ea       data   0x000000
         .udata_adcread.o      udata   0x0000ea       data   0x000000
         .idata_adcread.o      idata   0x0000ea       data   0x000000
                   .stack      udata   0x000500       data   0x000100
            SFR_UNBANKED0      udata   0x000f80       data   0x000080



                              Program Memory Usage 
                               Start         End      
                           ---------   ---------      
                            0x000000    0x002804      
                            0x002806    0x002828      
                            0x300001    0x300003      
                            0x300005    0x300006      
            10285 out of 33048 program addresses used, program memory utilization is 31%



                              Symbols - Sorted by Name
                     Name    Address   Location    Storage File                     
                ---------  ---------  ---------  --------- ---------                
                  BusyADC   0x002806    program     extern C:\MCC18\src\pmc_common\ADC\adcbusy.c
               ConvertADC   0x002810    program     extern C:\MCC18\src\pmc_common\ADC\adcconv.c
                   D10K_1   0x0026d4    program     static C:\MCC18\src\traditional\delays\d10ktcyx.asm
                    D10Kl   0x0026e0    program     static C:\MCC18\src\traditional\delays\d10ktcyx.asm
                    D10Kx   0x0026d2    program     static C:\MCC18\src\traditional\delays\d10ktcyx.asm
                   D1616S   0x00167c    program     static C:\MCC18\src\traditional\math\fxd1616s.asm
                D1616SNEG   0x00168a    program     static C:\MCC18\src\traditional\math\fxd1616s.asm
                 D1616SOK   0x001686    program     static C:\MCC18\src\traditional\math\fxd1616s.asm
                  D1616SX   0x00169c    program     static C:\MCC18\src\traditional\math\fxd1616s.asm
                  DA1616S   0x00166c    program     static C:\MCC18\src\traditional\math\fxd1616s.asm
             Delay10KTCYx   0x0026c8    program     extern C:\MCC18\src\traditional\delays\d10ktcyx.asm
                  DelayMs   0x002652    program     extern E:\PIC18F2520_sensor_custom_uart_RS232\delay.c
                 FLO1632S   0x00142c    program     extern C:\MCC18\src\traditional\math\cast16FP.asm
                 FLO1632U   0x001428    program     extern C:\MCC18\src\traditional\math\cast16FP.asm
                    FPA32   0x001454    program     extern C:\MCC18\src\traditional\math\addFP.asm
                    FPM32   0x001580    program     extern C:\MCC18\src\traditional\math\mulFP.asm
                    FPS32   0x001452    program     extern C:\MCC18\src\traditional\math\addFP.asm
                 FXD1616S   0x00165a    program     extern C:\MCC18\src\traditional\math\fxd1616s.asm
                 FXD1616U   0x002724    program     extern C:\MCC18\src\traditional\math\fxd1616u.c
                 FXD3232U   0x00258a    program     extern C:\MCC18\src\traditional\math\fxd3232u.c
                 FXM1616S   0x0016a6    program     extern C:\MCC18\src\traditional\math\fxm1616s.asm
                  FXM3232   0x0023fa    program     extern C:\MCC18\src\traditional\math\fxm3232.c
                  INT3216   0x001700    program     extern C:\MCC18\src\traditional\math\castFP16.asm
                  OpenADC   0x00246a    program     extern C:\MCC18\src\pmc_common\ADC\adcopen.c
               OpenTimer1   0x0025d2    program     extern C:\MCC18\src\pmc_common\Timers\t1open.c
                OpenUSART   0x0022ec    program     extern C:\MCC18\src\pmc_common\USART\uopen.c
                  ReadADC   0x0027e2    program     extern C:\MCC18\src\pmc_common\ADC\adcread.c
                ReadUSART   0x002614    program     extern C:\MCC18\src\pmc_common\USART\uread.c
                  TAGTB32   0x00175e    program     extern C:\MCC18\src\traditional\math\gtFP.asm
                  TALTB32   0x001770    program     extern C:\MCC18\src\traditional\math\ltFP.asm
               TSIGN1616A   0x0016f2    program     static C:\MCC18\src\traditional\math\fxm1616s.asm
              WriteTimer1   0x002690    program     extern C:\MCC18\src\pmc_common\Timers\t1write.c
               WriteUSART   0x0026f6    program     extern C:\MCC18\src\pmc_common\USART\uwrite.c
                   _2jEnd   0x002528    program     static C:\MCC18\src\traditional\stdclib\slenpgm.asm
       _D10KTCYXCODE_0010   0x0026d8    program     static C:\MCC18\src\traditional\delays\d10ktcyx.asm
       _D10KTCYXCODE_001C   0x0026e4    program     static C:\MCC18\src\traditional\delays\d10ktcyx.asm
              __FpCompare   0x001782    program     extern C:\MCC18\src\traditional\math\compFP.asm
                 __FpExit   0x001838    program     extern C:\MCC18\src\traditional\math\packFP.asm
                 __FpPack   0x001864    program     extern C:\MCC18\src\traditional\math\packFP.asm
            __FpReturnNaN   0x00182c    program     extern C:\MCC18\src\traditional\math\packFP.asm
         __FpReturnNegInf   0x00183e    program     extern C:\MCC18\src\traditional\math\packFP.asm
        __FpReturnNegZero   0x001856    program     extern C:\MCC18\src\traditional\math\packFP.asm
         __FpReturnPosInf   0x001844    program     extern C:\MCC18\src\traditional\math\packFP.asm
        __FpReturnPosZero   0x00185e    program     extern C:\MCC18\src\traditional\math\packFP.asm
        __FpReturnSignInf   0x00183a    program     extern C:\MCC18\src\traditional\math\packFP.asm
       __FpReturnSignZero   0x001852    program     extern C:\MCC18\src\traditional\math\packFP.asm
              __FpReturnW   0x0018bc    program     extern C:\MCC18\src\traditional\math\packFP.asm
              __FpUnPackA   0x0018dc    program     extern C:\MCC18\src\traditional\math\UnpackFP.asm
              __FpUnPackB   0x00190c    program     extern C:\MCC18\src\traditional\math\UnpackFP.asm
       ___return_lbl00000   0x0025d0    program     static                          
       ___return_lbl00000   0x00274e    program     static                          
       ___return_lbl00000   0x002468    program     static                          
       ___return_lbl00000   0x000004    program     static                          
       ___return_lbl00000   0x00000c    program     static                          
       ___return_lbl00001   0x0027ae    program     static                          
       ___return_lbl00002   0x0022ea    program     static                          
               __config_0   0x300001    program     static E:\PIC18F2520_sensor_custom_uart_RS232\main.c
               __config_1   0x300002    program     static E:\PIC18F2520_sensor_custom_uart_RS232\main.c
               __config_2   0x300003    program     static E:\PIC18F2520_sensor_custom_uart_RS232\main.c
               __config_3   0x300005    program     static E:\PIC18F2520_sensor_custom_uart_RS232\main.c
               __config_4   0x300006    program     static E:\PIC18F2520_sensor_custom_uart_RS232\main.c
                   __init   0x002814    program     extern C:\MCC18\src\traditional\stdclib\__init.c
                   __pa_0   0x00095c    program     static C:\MCC18\src\traditional\stdclib\vfprintf.c
                   __pa_1   0x000964    program     static C:\MCC18\src\traditional\stdclib\vfprintf.c
                  __pa_10   0x000a18    program     static C:\MCC18\src\traditional\stdclib\vfprintf.c
                  __pa_11   0x000a26    program     static C:\MCC18\src\traditional\stdclib\vfprintf.c
                  __pa_12   0x000a3c    program     static C:\MCC18\src\traditional\stdclib\vfprintf.c
                  __pa_13   0x000a56    program     static C:\MCC18\src\traditional\stdclib\vfprintf.c
                  __pa_14   0x000a6e    program     static C:\MCC18\src\traditional\stdclib\vfprintf.c
                  __pa_15   0x000a7e    program     static C:\MCC18\src\traditional\stdclib\vfprintf.c
                  __pa_16   0x000a94    program     static C:\MCC18\src\traditional\stdclib\vfprintf.c
                  __pa_17   0x000aa6    program     static C:\MCC18\src\traditional\stdclib\vfprintf.c
                  __pa_18   0x000ab8    program     static C:\MCC18\src\traditional\stdclib\vfprintf.c
                  __pa_19   0x000ac2    program     static C:\MCC18\src\traditional\stdclib\vfprintf.c
                   __pa_2   0x00096e    program     static C:\MCC18\src\traditional\stdclib\vfprintf.c
                  __pa_20   0x000ad2    program     static C:\MCC18\src\traditional\stdclib\vfprintf.c
                  __pa_21   0x000ae2    program     static C:\MCC18\src\traditional\stdclib\vfprintf.c
                  __pa_22   0x000af2    program     static C:\MCC18\src\traditional\stdclib\vfprintf.c
                  __pa_23   0x000afe    program     static C:\MCC18\src\traditional\stdclib\vfprintf.c
                  __pa_24   0x000b0c    program     static C:\MCC18\src\traditional\stdclib\vfprintf.c
                  __pa_25   0x000b14    program     static C:\MCC18\src\traditional\stdclib\vfprintf.c
                  __pa_26   0x000b1e    program     static C:\MCC18\src\traditional\stdclib\vfprintf.c
                  __pa_27   0x000b28    program     static C:\MCC18\src\traditional\stdclib\vfprintf.c
                  __pa_28   0x000b30    program     static C:\MCC18\src\traditional\stdclib\vfprintf.c
                  __pa_29   0x000b3e    program     static C:\MCC18\src\traditional\stdclib\vfprintf.c
                   __pa_3   0x000978    program     static C:\MCC18\src\traditional\stdclib\vfprintf.c
                  __pa_30   0x000b5a    program     static C:\MCC18\src\traditional\stdclib\vfprintf.c
                  __pa_31   0x000b74    program     static C:\MCC18\src\traditional\stdclib\vfprintf.c
                  __pa_32   0x000b8e    program     static C:\MCC18\src\traditional\stdclib\vfprintf.c
                  __pa_33   0x000ba6    program     static C:\MCC18\src\traditional\stdclib\vfprintf.c
                  __pa_34   0x000bb0    program     static C:\MCC18\src\traditional\stdclib\vfprintf.c
                  __pa_35   0x000bbe    program     static C:\MCC18\src\traditional\stdclib\vfprintf.c
                  __pa_36   0x000bc6    program     static C:\MCC18\src\traditional\stdclib\vfprintf.c
                  __pa_37   0x000bd0    program     static C:\MCC18\src\traditional\stdclib\vfprintf.c
                  __pa_38   0x000be0    program     static C:\MCC18\src\traditional\stdclib\vfprintf.c
                  __pa_39   0x000bee    program     static C:\MCC18\src\traditional\stdclib\vfprintf.c
                   __pa_4   0x000990    program     static C:\MCC18\src\traditional\stdclib\vfprintf.c
                  __pa_40   0x000bfa    program     static C:\MCC18\src\traditional\stdclib\vfprintf.c
                  __pa_41   0x000c06    program     static C:\MCC18\src\traditional\stdclib\vfprintf.c
                  __pa_42   0x000c0e    program     static C:\MCC18\src\traditional\stdclib\vfprintf.c
                  __pa_43   0x000c18    program     static C:\MCC18\src\traditional\stdclib\vfprintf.c
                  __pa_44   0x000c1e    program     static C:\MCC18\src\traditional\stdclib\vfprintf.c
                  __pa_45   0x000c28    program     static C:\MCC18\src\traditional\stdclib\vfprintf.c
                  __pa_46   0x000c34    program     static C:\MCC18\src\traditional\stdclib\vfprintf.c
                   __pa_5   0x0009a4    program     static C:\MCC18\src\traditional\stdclib\vfprintf.c
                   __pa_6   0x0009c0    program     static C:\MCC18\src\traditional\stdclib\vfprintf.c
                   __pa_7   0x0009ca    program     static C:\MCC18\src\traditional\stdclib\vfprintf.c
                   __pa_8   0x0009d6    program     static C:\MCC18\src\traditional\stdclib\vfprintf.c
                   __pa_9   0x0009f8    program     static C:\MCC18\src\traditional\stdclib\vfprintf.c
               __string_2   0x0027cc    program     static E:\PIC18F2520_sensor_custom_uart_RS232\main.c
              __tmplbl_42   0x000af2    program     static                          
              __tmplbl_43   0x00093a    program     static                          
              __tmplbl_44   0x000920    program     static                          
              __tmplbl_85   0x000072    program     static                          
            __zero_memory   0x002774    program     extern C:\MCC18\src\traditional\proc\p18F2520.asm
                _do_cinit   0x00224e    program     extern C:\MCC18\src\traditional\startup\c018i.c
                   _entry   0x000000    program     extern C:\MCC18\src\traditional\startup\c018i.c
                   _false   0x0025cc    program     static                          
                 _startup   0x002794    program     extern C:\MCC18\src\traditional\startup\c018i.c
              _usart_putc   0x0027b0    program     extern C:\MCC18\src\pmc_common\USART\_usartpc.asm
               _user_putc   0x000006    program     extern C:\MCC18\src\traditional\stdclib\_user_putc.c
             cUSART_tInit   0x0020ae    program     extern E:\PIC18F2520_sensor_custom_uart_RS232\cusart.c
               calc_sht1x   0x000c3e    program     extern E:\PIC18F2520_sensor_custom_uart_RS232\SHT1x_helper.c
                compare_l   0x00278a    program     static C:\MCC18\src\traditional\proc\p18F2520.asm
                copy_loop   0x0022c0    program     static                          
            copy_one_byte   0x0022c6    program     static                          
                     done   0x0022ea    program     static                          
             done_copying   0x0022d4    program     static                          
                  endloop   0x00274a    program     static                          
                     ftoa   0x00107e    program     extern E:\PIC18F2520_sensor_custom_uart_RS232\SHT1x_helper.c
       get_cuUSART_status   0x0020a6    program     extern E:\PIC18F2520_sensor_custom_uart_RS232\cusart.c
                 high_ISR   0x001938    program     extern E:\PIC18F2520_sensor_custom_uart_RS232\main.c
           high_interrupt   0x000008    program     extern E:\PIC18F2520_sensor_custom_uart_RS232\main.c
                  isdigit   0x002750    program     extern C:\MCC18\src\traditional\stdclib\isdigit.asm
                 jANotInf   0x00159e    program     static C:\MCC18\src\traditional\math\mulFP.asm
                 jANotInf   0x00147c    program     static C:\MCC18\src\traditional\math\addFP.asm
                 jANotNeg   0x001510    program     static C:\MCC18\src\traditional\math\addFP.asm
              jAandWsetup   0x0014e0    program     static C:\MCC18\src\traditional\math\addFP.asm
                  jAisNeg   0x0017fe    program     static C:\MCC18\src\traditional\math\compFP.asm
                 jAltBexp   0x0014ce    program     static C:\MCC18\src\traditional\math\addFP.asm
                jBANotInf   0x001472    program     static C:\MCC18\src\traditional\math\addFP.asm
                 jBNotInf   0x00148a    program     static C:\MCC18\src\traditional\math\addFP.asm
              jBothFinite   0x0015ac    program     static C:\MCC18\src\traditional\math\mulFP.asm
             jBothNotZero   0x0017a0    program     static C:\MCC18\src\traditional\math\compFP.asm
             jBothNotZero   0x0015b8    program     static C:\MCC18\src\traditional\math\mulFP.asm
            jDifOrPosSign   0x00149e    program     static C:\MCC18\src\traditional\math\addFP.asm
                      jEQ   0x0017bc    program     static C:\MCC18\src\traditional\math\compFP.asm
                     jEnd   0x0024f2    program     static C:\MCC18\src\traditional\stdclib\strlen.asm
                     jEnd   0x00252a    program     static C:\MCC18\src\traditional\stdclib\slenpgm.asm
                    jExch   0x0017c8    program     static C:\MCC18\src\traditional\math\compFP.asm
                    jExit   0x00175c    program     static C:\MCC18\src\traditional\math\castFP16.asm
                   jExpEQ   0x00180e    program     static C:\MCC18\src\traditional\math\compFP.asm
                   jFinal   0x0017f2    program     static C:\MCC18\src\traditional\math\compFP.asm
               jFinalSign   0x001578    program     static C:\MCC18\src\traditional\math\addFP.asm
                jHaveZero   0x0015b4    program     static C:\MCC18\src\traditional\math\mulFP.asm
                jI2F16Beg   0x00143c    program     static C:\MCC18\src\traditional\math\cast16FP.asm
                    jLoop   0x002512    program     static C:\MCC18\src\traditional\stdclib\slenpgm.asm
                    jLoop   0x0024e8    program     static C:\MCC18\src\traditional\stdclib\strlen.asm
                    jLoop   0x00173c    program     static C:\MCC18\src\traditional\math\castFP16.asm
                jLoopExit   0x00174c    program     static C:\MCC18\src\traditional\math\castFP16.asm
                   jMatch   0x002770    program     static C:\MCC18\src\traditional\stdclib\isdigit.asm
                     jMax   0x001710    program     static C:\MCC18\src\traditional\math\castFP16.asm
                  jMaxNeg   0x00171e    program     static C:\MCC18\src\traditional\math\castFP16.asm
                  jMaxPos   0x001714    program     static C:\MCC18\src\traditional\math\castFP16.asm
                      jNE   0x0017c0    program     static C:\MCC18\src\traditional\math\compFP.asm
                  jNoExch   0x0017e8    program     static C:\MCC18\src\traditional\math\compFP.asm
                 jNoMatch   0x002772    program     static C:\MCC18\src\traditional\stdclib\isdigit.asm
             jNotBothZero   0x0014a2    program     static C:\MCC18\src\traditional\math\addFP.asm
                  jNotInf   0x00172c    program     static C:\MCC18\src\traditional\math\castFP16.asm
                  jPkLoop   0x001872    program     static C:\MCC18\src\traditional\math\packFP.asm
             jPkRoundDone   0x0018bc    program     static C:\MCC18\src\traditional\math\packFP.asm
               jPkRoundIt   0x0018a4    program     static C:\MCC18\src\traditional\math\packFP.asm
             jPkShiftDone   0x00188e    program     static C:\MCC18\src\traditional\math\packFP.asm
           jReturnPosInf0   0x001848    program     static C:\MCC18\src\traditional\math\packFP.asm
                  jRotate   0x00181a    program     static C:\MCC18\src\traditional\math\compFP.asm
                   jShift   0x001804    program     static C:\MCC18\src\traditional\math\compFP.asm
               jShiftDone   0x001538    program     static C:\MCC18\src\traditional\math\addFP.asm
               jShiftLoop   0x00152a    program     static C:\MCC18\src\traditional\math\addFP.asm
                jSignDone   0x001568    program     static C:\MCC18\src\traditional\math\addFP.asm
                 jSignsEQ   0x0017a4    program     static C:\MCC18\src\traditional\math\compFP.asm
                  jUnpkA1   0x0018e6    program     static C:\MCC18\src\traditional\math\UnpackFP.asm
                  jUnpkA2   0x0018fe    program     static C:\MCC18\src\traditional\math\UnpackFP.asm
                 jUnpkANZ   0x0018f4    program     static C:\MCC18\src\traditional\math\UnpackFP.asm
                  jUnpkB1   0x001916    program     static C:\MCC18\src\traditional\math\UnpackFP.asm
                  jUnpkB2   0x00192e    program     static C:\MCC18\src\traditional\math\UnpackFP.asm
                 jUnpkBNZ   0x001924    program     static C:\MCC18\src\traditional\math\UnpackFP.asm
                 jUnpkNaN   0x001908    program     static C:\MCC18\src\traditional\math\UnpackFP.asm
                 jWNotNeg   0x001524    program     static C:\MCC18\src\traditional\math\addFP.asm
                    jZero   0x001726    program     static C:\MCC18\src\traditional\math\castFP16.asm
               jZero1and2   0x00184c    program     static C:\MCC18\src\traditional\math\packFP.asm
                     loop   0x002598    program     static                          
                     loop   0x0027c0    program     static C:\MCC18\src\pmc_common\USART\_usartpc.asm
                     loop   0x0027a4    program     static                          
                     loop   0x00272e    program     static                          
                   loop_h   0x002782    program     static C:\MCC18\src\traditional\proc\p18F2520.asm
                   loop_l   0x00278c    program     static C:\MCC18\src\traditional\proc\p18F2520.asm
                     main   0x001a10    program     extern E:\PIC18F2520_sensor_custom_uart_RS232\main.c
                     putc   0x002376    program     extern C:\MCC18\src\traditional\stdclib\putc.c
                putsUSART   0x00253e    program     extern C:\MCC18\src\pmc_common\USART\uputs.c
        s_connectionreset   0x001f1a    program     extern E:\PIC18F2520_sensor_custom_uart_RS232\SHT1x.c
                 s_digits   0x0027f4    program     static C:\MCC18\src\traditional\stdclib\vfprintf.c
                s_measure   0x001d3c    program     extern E:\PIC18F2520_sensor_custom_uart_RS232\SHT1x.c
            s_put_n_chars   0x00001c    program     static C:\MCC18\src\traditional\stdclib\vfprintf.c
              s_read_byte   0x001f76    program     extern E:\PIC18F2520_sensor_custom_uart_RS232\SHT1x.c
              s_softreset   0x001d16    program     extern E:\PIC18F2520_sensor_custom_uart_RS232\SHT1x.c
             s_transstart   0x001e7e    program     extern E:\PIC18F2520_sensor_custom_uart_RS232\SHT1x.c
             s_write_byte   0x002018    program     extern E:\PIC18F2520_sensor_custom_uart_RS232\SHT1x.c
                  sprintf   0x0021a2    program     extern C:\MCC18\src\traditional\stdclib\sprintf.c
                   strlen   0x0024d8    program     extern C:\MCC18\src\traditional\stdclib\strlen.asm
                strlenpgm   0x0024f4    program     extern C:\MCC18\src\traditional\stdclib\slenpgm.asm
                     test   0x002268    program     static                          
                    uputc   0x0020f6    program     extern E:\PIC18F2520_sensor_custom_uart_RS232\cusart.c
                    uputs   0x0020ba    program     extern E:\PIC18F2520_sensor_custom_uart_RS232\cusart.c
                 vfprintf   0x000048    program     extern C:\MCC18\src\traditional\stdclib\vfprintf.c
               zero_block   0x002782    program     static C:\MCC18\src\traditional\proc\p18F2520.asm
                   ADCON0   0x000fc2       data     extern C:\MCC18\src\traditional\proc\p18F2520.asm
               ADCON0bits   0x000fc2       data     extern C:\MCC18\src\traditional\proc\p18F2520.asm
                   ADCON1   0x000fc1       data     extern C:\MCC18\src\traditional\proc\p18F2520.asm
               ADCON1bits   0x000fc1       data     extern C:\MCC18\src\traditional\proc\p18F2520.asm
                   ADCON2   0x000fc0       data     extern C:\MCC18\src\traditional\proc\p18F2520.asm
               ADCON2bits   0x000fc0       data     extern C:\MCC18\src\traditional\proc\p18F2520.asm
                 ADCfirst   0x0000cb       data     extern E:\PIC18F2520_sensor_custom_uart_RS232\main.c
                    ADRES   0x000fc3       data     extern C:\MCC18\src\traditional\proc\p18F2520.asm
                   ADRESH   0x000fc4       data     extern C:\MCC18\src\traditional\proc\p18F2520.asm
                   ADRESL   0x000fc3       data     extern C:\MCC18\src\traditional\proc\p18F2520.asm
                  BAUDCON   0x000fb8       data     extern C:\MCC18\src\traditional\proc\p18F2520.asm
              BAUDCONbits   0x000fb8       data     extern C:\MCC18\src\traditional\proc\p18F2520.asm
                  BAUDCTL   0x000fb8       data     extern C:\MCC18\src\traditional\proc\p18F2520.asm
              BAUDCTLbits   0x000fb8       data     extern C:\MCC18\src\traditional\proc\p18F2520.asm
                      BSR   0x000fe0       data     extern C:\MCC18\src\traditional\proc\p18F2520.asm
                  CCP1CON   0x000fbd       data     extern C:\MCC18\src\traditional\proc\p18F2520.asm
              CCP1CONbits   0x000fbd       data     extern C:\MCC18\src\traditional\proc\p18F2520.asm
                  CCP2CON   0x000fba       data     extern C:\MCC18\src\traditional\proc\p18F2520.asm
              CCP2CONbits   0x000fba       data     extern C:\MCC18\src\traditional\proc\p18F2520.asm
                    CCPR1   0x000fbe       data     extern C:\MCC18\src\traditional\proc\p18F2520.asm
                   CCPR1H   0x000fbf       data     extern C:\MCC18\src\traditional\proc\p18F2520.asm
                   CCPR1L   0x000fbe       data     extern C:\MCC18\src\traditional\proc\p18F2520.asm
                    CCPR2   0x000fbb       data     extern C:\MCC18\src\traditional\proc\p18F2520.asm
                   CCPR2H   0x000fbc       data     extern C:\MCC18\src\traditional\proc\p18F2520.asm
                   CCPR2L   0x000fbb       data     extern C:\MCC18\src\traditional\proc\p18F2520.asm
                    CMCON   0x000fb4       data     extern C:\MCC18\src\traditional\proc\p18F2520.asm
                CMCONbits   0x000fb4       data     extern C:\MCC18\src\traditional\proc\p18F2520.asm
                   CVRCON   0x000fb5       data     extern C:\MCC18\src\traditional\proc\p18F2520.asm
               CVRCONbits   0x000fb5       data     extern C:\MCC18\src\traditional\proc\p18F2520.asm
                     DDRA   0x000f92       data     extern C:\MCC18\src\traditional\proc\p18F2520.asm
                 DDRAbits   0x000f92       data     extern C:\MCC18\src\traditional\proc\p18F2520.asm
                     DDRB   0x000f93       data     extern C:\MCC18\src\traditional\proc\p18F2520.asm
                 DDRBbits   0x000f93       data     extern C:\MCC18\src\traditional\proc\p18F2520.asm
                     DDRC   0x000f94       data     extern C:\MCC18\src\traditional\proc\p18F2520.asm
                 DDRCbits   0x000f94       data     extern C:\MCC18\src\traditional\proc\p18F2520.asm
            DelayCounter1   0x000031       data     extern C:\MCC18\src\traditional\delays\delayd1.asm
            DelayCounter2   0x000030       data     extern C:\MCC18\src\traditional\delays\delayd2.asm
                  ECCP1AS   0x000fb6       data     extern C:\MCC18\src\traditional\proc\p18F2520.asm
              ECCP1ASbits   0x000fb6       data     extern C:\MCC18\src\traditional\proc\p18F2520.asm
                    EEADR   0x000fa9       data     extern C:\MCC18\src\traditional\proc\p18F2520.asm
                   EECON1   0x000fa6       data     extern C:\MCC18\src\traditional\proc\p18F2520.asm
               EECON1bits   0x000fa6       data     extern C:\MCC18\src\traditional\proc\p18F2520.asm
                   EECON2   0x000fa7       data     extern C:\MCC18\src\traditional\proc\p18F2520.asm
                   EEDATA   0x000fa8       data     extern C:\MCC18\src\traditional\proc\p18F2520.asm
                     FSR0   0x000fe9       data     extern C:\MCC18\src\traditional\proc\p18F2520.asm
                    FSR0H   0x000fea       data     extern C:\MCC18\src\traditional\proc\p18F2520.asm
                    FSR0L   0x000fe9       data     extern C:\MCC18\src\traditional\proc\p18F2520.asm
                     FSR1   0x000fe1       data     extern C:\MCC18\src\traditional\proc\p18F2520.asm
                    FSR1H   0x000fe2       data     extern C:\MCC18\src\traditional\proc\p18F2520.asm
                    FSR1L   0x000fe1       data     extern C:\MCC18\src\traditional\proc\p18F2520.asm
                     FSR2   0x000fd9       data     extern C:\MCC18\src\traditional\proc\p18F2520.asm
                    FSR2H   0x000fda       data     extern C:\MCC18\src\traditional\proc\p18F2520.asm
                    FSR2L   0x000fd9       data     extern C:\MCC18\src\traditional\proc\p18F2520.asm
                  HLVDCON   0x000fd2       data     extern C:\MCC18\src\traditional\proc\p18F2520.asm
              HLVDCONbits   0x000fd2       data     extern C:\MCC18\src\traditional\proc\p18F2520.asm
                    INDF0   0x000fef       data     extern C:\MCC18\src\traditional\proc\p18F2520.asm
                    INDF1   0x000fe7       data     extern C:\MCC18\src\traditional\proc\p18F2520.asm
                    INDF2   0x000fdf       data     extern C:\MCC18\src\traditional\proc\p18F2520.asm
                   INTCON   0x000ff2       data     extern C:\MCC18\src\traditional\proc\p18F2520.asm
                  INTCON2   0x000ff1       data     extern C:\MCC18\src\traditional\proc\p18F2520.asm
              INTCON2bits   0x000ff1       data     extern C:\MCC18\src\traditional\proc\p18F2520.asm
                  INTCON3   0x000ff0       data     extern C:\MCC18\src\traditional\proc\p18F2520.asm
              INTCON3bits   0x000ff0       data     extern C:\MCC18\src\traditional\proc\p18F2520.asm
               INTCONbits   0x000ff2       data     extern C:\MCC18\src\traditional\proc\p18F2520.asm
                     IPR1   0x000f9f       data     extern C:\MCC18\src\traditional\proc\p18F2520.asm
                 IPR1bits   0x000f9f       data     extern C:\MCC18\src\traditional\proc\p18F2520.asm
                     IPR2   0x000fa2       data     extern C:\MCC18\src\traditional\proc\p18F2520.asm
                 IPR2bits   0x000fa2       data     extern C:\MCC18\src\traditional\proc\p18F2520.asm
                     LATA   0x000f89       data     extern C:\MCC18\src\traditional\proc\p18F2520.asm
                 LATAbits   0x000f89       data     extern C:\MCC18\src\traditional\proc\p18F2520.asm
                     LATB   0x000f8a       data     extern C:\MCC18\src\traditional\proc\p18F2520.asm
                 LATBbits   0x000f8a       data     extern C:\MCC18\src\traditional\proc\p18F2520.asm
                     LATC   0x000f8b       data     extern C:\MCC18\src\traditional\proc\p18F2520.asm
                 LATCbits   0x000f8b       data     extern C:\MCC18\src\traditional\proc\p18F2520.asm
                   LVDCON   0x000fd2       data     extern C:\MCC18\src\traditional\proc\p18F2520.asm
               LVDCONbits   0x000fd2       data     extern C:\MCC18\src\traditional\proc\p18F2520.asm
                   OSCCON   0x000fd3       data     extern C:\MCC18\src\traditional\proc\p18F2520.asm
               OSCCONbits   0x000fd3       data     extern C:\MCC18\src\traditional\proc\p18F2520.asm
                  OSCTUNE   0x000f9b       data     extern C:\MCC18\src\traditional\proc\p18F2520.asm
              OSCTUNEbits   0x000f9b       data     extern C:\MCC18\src\traditional\proc\p18F2520.asm
                       PC   0x000ff9       data     extern C:\MCC18\src\traditional\proc\p18F2520.asm
                      PCL   0x000ff9       data     extern C:\MCC18\src\traditional\proc\p18F2520.asm
                   PCLATH   0x000ffa       data     extern C:\MCC18\src\traditional\proc\p18F2520.asm
                   PCLATU   0x000ffb       data     extern C:\MCC18\src\traditional\proc\p18F2520.asm
                     PIE1   0x000f9d       data     extern C:\MCC18\src\traditional\proc\p18F2520.asm
                 PIE1bits   0x000f9d       data     extern C:\MCC18\src\traditional\proc\p18F2520.asm
                     PIE2   0x000fa0       data     extern C:\MCC18\src\traditional\proc\p18F2520.asm
                 PIE2bits   0x000fa0       data     extern C:\MCC18\src\traditional\proc\p18F2520.asm
                     PIR1   0x000f9e       data     extern C:\MCC18\src\traditional\proc\p18F2520.asm
                 PIR1bits   0x000f9e       data     extern C:\MCC18\src\traditional\proc\p18F2520.asm
                     PIR2   0x000fa1       data     extern C:\MCC18\src\traditional\proc\p18F2520.asm
                 PIR2bits   0x000fa1       data     extern C:\MCC18\src\traditional\proc\p18F2520.asm
                   PLUSW0   0x000feb       data     extern C:\MCC18\src\traditional\proc\p18F2520.asm
                   PLUSW1   0x000fe3       data     extern C:\MCC18\src\traditional\proc\p18F2520.asm
                   PLUSW2   0x000fdb       data     extern C:\MCC18\src\traditional\proc\p18F2520.asm
                    PORTA   0x000f80       data     extern C:\MCC18\src\traditional\proc\p18F2520.asm
                PORTAbits   0x000f80       data     extern C:\MCC18\src\traditional\proc\p18F2520.asm
                    PORTB   0x000f81       data     extern C:\MCC18\src\traditional\proc\p18F2520.asm
                PORTBbits   0x000f81       data     extern C:\MCC18\src\traditional\proc\p18F2520.asm
                    PORTC   0x000f82       data     extern C:\MCC18\src\traditional\proc\p18F2520.asm
                PORTCbits   0x000f82       data     extern C:\MCC18\src\traditional\proc\p18F2520.asm
                    PORTE   0x000f84       data     extern C:\MCC18\src\traditional\proc\p18F2520.asm
                PORTEbits   0x000f84       data     extern C:\MCC18\src\traditional\proc\p18F2520.asm
                 POSTDEC0   0x000fed       data     extern C:\MCC18\src\traditional\proc\p18F2520.asm
                 POSTDEC1   0x000fe5       data     extern C:\MCC18\src\traditional\proc\p18F2520.asm
                 POSTDEC2   0x000fdd       data     extern C:\MCC18\src\traditional\proc\p18F2520.asm
                 POSTINC0   0x000fee       data     extern C:\MCC18\src\traditional\proc\p18F2520.asm
                 POSTINC1   0x000fe6       data     extern C:\MCC18\src\traditional\proc\p18F2520.asm
                 POSTINC2   0x000fde       data     extern C:\MCC18\src\traditional\proc\p18F2520.asm
                      PR2   0x000fcb       data     extern C:\MCC18\src\traditional\proc\p18F2520.asm
                  PREINC0   0x000fec       data     extern C:\MCC18\src\traditional\proc\p18F2520.asm
                  PREINC1   0x000fe4       data     extern C:\MCC18\src\traditional\proc\p18F2520.asm
                  PREINC2   0x000fdc       data     extern C:\MCC18\src\traditional\proc\p18F2520.asm
                     PROD   0x000ff3       data     extern C:\MCC18\src\traditional\proc\p18F2520.asm
                    PRODH   0x000ff4       data     extern C:\MCC18\src\traditional\proc\p18F2520.asm
                    PRODL   0x000ff3       data     extern C:\MCC18\src\traditional\proc\p18F2520.asm
                  PWM1CON   0x000fb7       data     extern C:\MCC18\src\traditional\proc\p18F2520.asm
              PWM1CONbits   0x000fb7       data     extern C:\MCC18\src\traditional\proc\p18F2520.asm
                     RCON   0x000fd0       data     extern C:\MCC18\src\traditional\proc\p18F2520.asm
                 RCONbits   0x000fd0       data     extern C:\MCC18\src\traditional\proc\p18F2520.asm
                    RCREG   0x000fae       data     extern C:\MCC18\src\traditional\proc\p18F2520.asm
                    RCSTA   0x000fab       data     extern C:\MCC18\src\traditional\proc\p18F2520.asm
                RCSTAbits   0x000fab       data     extern C:\MCC18\src\traditional\proc\p18F2520.asm
                       Rx   0x00008c       data     extern E:\PIC18F2520_sensor_custom_uart_RS232\main.c
                     SIGN   0x00001c       data     extern C:\MCC18\src\traditional\math\cmath18.asm
                    SPBRG   0x000faf       data     extern C:\MCC18\src\traditional\proc\p18F2520.asm
                   SPBRGH   0x000fb0       data     extern C:\MCC18\src\traditional\proc\p18F2520.asm
                   SSPADD   0x000fc8       data     extern C:\MCC18\src\traditional\proc\p18F2520.asm
                   SSPBUF   0x000fc9       data     extern C:\MCC18\src\traditional\proc\p18F2520.asm
                  SSPCON1   0x000fc6       data     extern C:\MCC18\src\traditional\proc\p18F2520.asm
              SSPCON1bits   0x000fc6       data     extern C:\MCC18\src\traditional\proc\p18F2520.asm
                  SSPCON2   0x000fc5       data     extern C:\MCC18\src\traditional\proc\p18F2520.asm
              SSPCON2bits   0x000fc5       data     extern C:\MCC18\src\traditional\proc\p18F2520.asm
                  SSPSTAT   0x000fc7       data     extern C:\MCC18\src\traditional\proc\p18F2520.asm
              SSPSTATbits   0x000fc7       data     extern C:\MCC18\src\traditional\proc\p18F2520.asm
                   STATUS   0x000fd8       data     extern C:\MCC18\src\traditional\proc\p18F2520.asm
               STATUSbits   0x000fd8       data     extern C:\MCC18\src\traditional\proc\p18F2520.asm
                   STKPTR   0x000ffc       data     extern C:\MCC18\src\traditional\proc\p18F2520.asm
               STKPTRbits   0x000ffc       data     extern C:\MCC18\src\traditional\proc\p18F2520.asm
                    T0CON   0x000fd5       data     extern C:\MCC18\src\traditional\proc\p18F2520.asm
                T0CONbits   0x000fd5       data     extern C:\MCC18\src\traditional\proc\p18F2520.asm
                    T1CON   0x000fcd       data     extern C:\MCC18\src\traditional\proc\p18F2520.asm
                T1CONbits   0x000fcd       data     extern C:\MCC18\src\traditional\proc\p18F2520.asm
                    T2CON   0x000fca       data     extern C:\MCC18\src\traditional\proc\p18F2520.asm
                T2CONbits   0x000fca       data     extern C:\MCC18\src\traditional\proc\p18F2520.asm
                    T3CON   0x000fb1       data     extern C:\MCC18\src\traditional\proc\p18F2520.asm
                T3CONbits   0x000fb1       data     extern C:\MCC18\src\traditional\proc\p18F2520.asm
                   TABLAT   0x000ff5       data     extern C:\MCC18\src\traditional\proc\p18F2520.asm
                   TBLPTR   0x000ff6       data     extern C:\MCC18\src\traditional\proc\p18F2520.asm
                  TBLPTRH   0x000ff7       data     extern C:\MCC18\src\traditional\proc\p18F2520.asm
                  TBLPTRL   0x000ff6       data     extern C:\MCC18\src\traditional\proc\p18F2520.asm
                  TBLPTRU   0x000ff8       data     extern C:\MCC18\src\traditional\proc\p18F2520.asm
                    TMR0H   0x000fd7       data     extern C:\MCC18\src\traditional\proc\p18F2520.asm
                    TMR0L   0x000fd6       data     extern C:\MCC18\src\traditional\proc\p18F2520.asm
                    TMR1H   0x000fcf       data     extern C:\MCC18\src\traditional\proc\p18F2520.asm
                    TMR1L   0x000fce       data     extern C:\MCC18\src\traditional\proc\p18F2520.asm
                     TMR2   0x000fcc       data     extern C:\MCC18\src\traditional\proc\p18F2520.asm
                    TMR3H   0x000fb3       data     extern C:\MCC18\src\traditional\proc\p18F2520.asm
                    TMR3L   0x000fb2       data     extern C:\MCC18\src\traditional\proc\p18F2520.asm
                      TOS   0x000ffd       data     extern C:\MCC18\src\traditional\proc\p18F2520.asm
                     TOSH   0x000ffe       data     extern C:\MCC18\src\traditional\proc\p18F2520.asm
                     TOSL   0x000ffd       data     extern C:\MCC18\src\traditional\proc\p18F2520.asm
                     TOSU   0x000fff       data     extern C:\MCC18\src\traditional\proc\p18F2520.asm
                    TRISA   0x000f92       data     extern C:\MCC18\src\traditional\proc\p18F2520.asm
                TRISAbits   0x000f92       data     extern C:\MCC18\src\traditional\proc\p18F2520.asm
                    TRISB   0x000f93       data     extern C:\MCC18\src\traditional\proc\p18F2520.asm
                TRISBbits   0x000f93       data     extern C:\MCC18\src\traditional\proc\p18F2520.asm
                    TRISC   0x000f94       data     extern C:\MCC18\src\traditional\proc\p18F2520.asm
                TRISCbits   0x000f94       data     extern C:\MCC18\src\traditional\proc\p18F2520.asm
                    TXREG   0x000fad       data     extern C:\MCC18\src\traditional\proc\p18F2520.asm
                    TXSTA   0x000fac       data     extern C:\MCC18\src\traditional\proc\p18F2520.asm
                TXSTAbits   0x000fac       data     extern C:\MCC18\src\traditional\proc\p18F2520.asm
             USART_Status   0x0000e8       data     extern C:\MCC18\src\pmc_common\USART\udefs.c
                        W   0x000fe8       data     extern C:\MCC18\src\traditional\proc\p18F2520.asm
                   WDTCON   0x000fd1       data     extern C:\MCC18\src\traditional\proc\p18F2520.asm
               WDTCONbits   0x000fd1       data     extern C:\MCC18\src\traditional\proc\p18F2520.asm
                     WREG   0x000fe8       data     extern C:\MCC18\src\traditional\proc\p18F2520.asm
                 __AARGB0   0x000025       data     extern C:\MCC18\src\traditional\math\aarg.asm
                 __AARGB1   0x000024       data     extern C:\MCC18\src\traditional\math\aarg.asm
                 __AARGB2   0x000023       data     extern C:\MCC18\src\traditional\math\aarg.asm
                 __AARGB3   0x000022       data     extern C:\MCC18\src\traditional\math\aarg.asm
                 __AARGB4   0x000021       data     extern C:\MCC18\src\traditional\math\aarg.asm
                 __AARGB5   0x000020       data     extern C:\MCC18\src\traditional\math\aarg.asm
                 __AARGB6   0x00001f       data     extern C:\MCC18\src\traditional\math\aarg.asm
                 __AARGB7   0x00001e       data     extern C:\MCC18\src\traditional\math\aarg.asm
                   __AEXP   0x000026       data     extern C:\MCC18\src\traditional\math\aarg.asm
                 __BARGB0   0x00002a       data     extern C:\MCC18\src\traditional\math\barg.asm
                 __BARGB1   0x000029       data     extern C:\MCC18\src\traditional\math\barg.asm
                 __BARGB2   0x000028       data     extern C:\MCC18\src\traditional\math\barg.asm
                 __BARGB3   0x000027       data     extern C:\MCC18\src\traditional\math\barg.asm
                   __BEXP   0x00002b       data     extern C:\MCC18\src\traditional\math\barg.asm
                __FPFLAGS   0x00001d       data     extern C:\MCC18\src\traditional\math\cmath18.asm
            __FPFLAGSbits   0x00001d       data     extern C:\MCC18\src\traditional\math\cmath18.asm
                  __REMB0   0x000021       data     extern C:\MCC18\src\traditional\math\aarg.asm
                  __REMB1   0x000020       data     extern C:\MCC18\src\traditional\math\aarg.asm
                  __REMB2   0x00001f       data     extern C:\MCC18\src\traditional\math\aarg.asm
                  __REMB3   0x00001e       data     extern C:\MCC18\src\traditional\math\aarg.asm
                   __TEMP   0x00002f       data     extern C:\MCC18\src\traditional\math\temparg.asm
                 __TEMPB0   0x00002f       data     extern C:\MCC18\src\traditional\math\temparg.asm
                 __TEMPB1   0x00002e       data     extern C:\MCC18\src\traditional\math\temparg.asm
                 __TEMPB2   0x00002d       data     extern C:\MCC18\src\traditional\math\temparg.asm
                 __TEMPB3   0x00002c       data     extern C:\MCC18\src\traditional\math\temparg.asm
                  __tmp_0   0x000000       data     static C:\MCC18\src\traditional\stdclib\putc.c
                  __tmp_0   0x000000       data     static C:\MCC18\src\traditional\stdclib\vfprintf.c
                  __tmp_0   0x000000       data     static C:\MCC18\src\traditional\stdclib\sprintf.c
                  __tmp_0   0x000000       data     static C:\MCC18\src\pmc_common\ADC\adcread.c
                  __tmp_0   0x000000       data     static C:\MCC18\src\pmc_common\USART\uopen.c
                  __tmp_0   0x000000       data     static C:\MCC18\src\pmc_common\ADC\adcopen.c
                  __tmp_0   0x000000       data     static E:\PIC18F2520_sensor_custom_uart_RS232\SHT1x_helper.c
                  __tmp_0   0x000000       data     static E:\PIC18F2520_sensor_custom_uart_RS232\cusart.c
                  __tmp_0   0x000000       data     static E:\PIC18F2520_sensor_custom_uart_RS232\SHT1x.c
                  __tmp_0   0x000000       data     static E:\PIC18F2520_sensor_custom_uart_RS232\main.c
                adcResult   0x00008d       data     extern E:\PIC18F2520_sensor_custom_uart_RS232\main.c
                     astr   0x00008f       data     extern E:\PIC18F2520_sensor_custom_uart_RS232\main.c
                  buffer1   0x000080       data     extern E:\PIC18F2520_sensor_custom_uart_RS232\main.c
                  buffer2   0x000086       data     extern E:\PIC18F2520_sensor_custom_uart_RS232\main.c
           cuUSART_STATUS   0x0000e9       data     extern E:\PIC18F2520_sensor_custom_uart_RS232\cusart.c
                curr_byte   0x0000e1       data     static C:\MCC18\src\traditional\startup\c018i.c
               curr_entry   0x0000e3       data     static C:\MCC18\src\traditional\startup\c018i.c
                 data_ptr   0x0000e5       data     static C:\MCC18\src\traditional\startup\c018i.c
                     prom   0x0000de       data     static C:\MCC18\src\traditional\startup\c018i.c
                    to232   0x0000cc       data     extern E:\PIC18F2520_sensor_custom_uart_RS232\main.c
                   toxbee   0x0000d6       data     extern E:\PIC18F2520_sensor_custom_uart_RS232\main.c



                              Symbols - Sorted by Address
                     Name    Address   Location    Storage File                     
                ---------  ---------  ---------  --------- ---------                
                   _entry   0x000000    program     extern C:\MCC18\src\traditional\startup\c018i.c
       ___return_lbl00000   0x000004    program     static                          
               _user_putc   0x000006    program     extern C:\MCC18\src\traditional\stdclib\_user_putc.c
           high_interrupt   0x000008    program     extern E:\PIC18F2520_sensor_custom_uart_RS232\main.c
       ___return_lbl00000   0x00000c    program     static                          
            s_put_n_chars   0x00001c    program     static C:\MCC18\src\traditional\stdclib\vfprintf.c
                 vfprintf   0x000048    program     extern C:\MCC18\src\traditional\stdclib\vfprintf.c
              __tmplbl_85   0x000072    program     static                          
              __tmplbl_44   0x000920    program     static                          
              __tmplbl_43   0x00093a    program     static                          
                   __pa_0   0x00095c    program     static C:\MCC18\src\traditional\stdclib\vfprintf.c
                   __pa_1   0x000964    program     static C:\MCC18\src\traditional\stdclib\vfprintf.c
                   __pa_2   0x00096e    program     static C:\MCC18\src\traditional\stdclib\vfprintf.c
                   __pa_3   0x000978    program     static C:\MCC18\src\traditional\stdclib\vfprintf.c
                   __pa_4   0x000990    program     static C:\MCC18\src\traditional\stdclib\vfprintf.c
                   __pa_5   0x0009a4    program     static C:\MCC18\src\traditional\stdclib\vfprintf.c
                   __pa_6   0x0009c0    program     static C:\MCC18\src\traditional\stdclib\vfprintf.c
                   __pa_7   0x0009ca    program     static C:\MCC18\src\traditional\stdclib\vfprintf.c
                   __pa_8   0x0009d6    program     static C:\MCC18\src\traditional\stdclib\vfprintf.c
                   __pa_9   0x0009f8    program     static C:\MCC18\src\traditional\stdclib\vfprintf.c
                  __pa_10   0x000a18    program     static C:\MCC18\src\traditional\stdclib\vfprintf.c
                  __pa_11   0x000a26    program     static C:\MCC18\src\traditional\stdclib\vfprintf.c
                  __pa_12   0x000a3c    program     static C:\MCC18\src\traditional\stdclib\vfprintf.c
                  __pa_13   0x000a56    program     static C:\MCC18\src\traditional\stdclib\vfprintf.c
                  __pa_14   0x000a6e    program     static C:\MCC18\src\traditional\stdclib\vfprintf.c
                  __pa_15   0x000a7e    program     static C:\MCC18\src\traditional\stdclib\vfprintf.c
                  __pa_16   0x000a94    program     static C:\MCC18\src\traditional\stdclib\vfprintf.c
                  __pa_17   0x000aa6    program     static C:\MCC18\src\traditional\stdclib\vfprintf.c
                  __pa_18   0x000ab8    program     static C:\MCC18\src\traditional\stdclib\vfprintf.c
                  __pa_19   0x000ac2    program     static C:\MCC18\src\traditional\stdclib\vfprintf.c
                  __pa_20   0x000ad2    program     static C:\MCC18\src\traditional\stdclib\vfprintf.c
                  __pa_21   0x000ae2    program     static C:\MCC18\src\traditional\stdclib\vfprintf.c
                  __pa_22   0x000af2    program     static C:\MCC18\src\traditional\stdclib\vfprintf.c
              __tmplbl_42   0x000af2    program     static                          
                  __pa_23   0x000afe    program     static C:\MCC18\src\traditional\stdclib\vfprintf.c
                  __pa_24   0x000b0c    program     static C:\MCC18\src\traditional\stdclib\vfprintf.c
                  __pa_25   0x000b14    program     static C:\MCC18\src\traditional\stdclib\vfprintf.c
                  __pa_26   0x000b1e    program     static C:\MCC18\src\traditional\stdclib\vfprintf.c
                  __pa_27   0x000b28    program     static C:\MCC18\src\traditional\stdclib\vfprintf.c
                  __pa_28   0x000b30    program     static C:\MCC18\src\traditional\stdclib\vfprintf.c
                  __pa_29   0x000b3e    program     static C:\MCC18\src\traditional\stdclib\vfprintf.c
                  __pa_30   0x000b5a    program     static C:\MCC18\src\traditional\stdclib\vfprintf.c
                  __pa_31   0x000b74    program     static C:\MCC18\src\traditional\stdclib\vfprintf.c
                  __pa_32   0x000b8e    program     static C:\MCC18\src\traditional\stdclib\vfprintf.c
                  __pa_33   0x000ba6    program     static C:\MCC18\src\traditional\stdclib\vfprintf.c
                  __pa_34   0x000bb0    program     static C:\MCC18\src\traditional\stdclib\vfprintf.c
                  __pa_35   0x000bbe    program     static C:\MCC18\src\traditional\stdclib\vfprintf.c
                  __pa_36   0x000bc6    program     static C:\MCC18\src\traditional\stdclib\vfprintf.c
                  __pa_37   0x000bd0    program     static C:\MCC18\src\traditional\stdclib\vfprintf.c
                  __pa_38   0x000be0    program     static C:\MCC18\src\traditional\stdclib\vfprintf.c
                  __pa_39   0x000bee    program     static C:\MCC18\src\traditional\stdclib\vfprintf.c
                  __pa_40   0x000bfa    program     static C:\MCC18\src\traditional\stdclib\vfprintf.c
                  __pa_41   0x000c06    program     static C:\MCC18\src\traditional\stdclib\vfprintf.c
                  __pa_42   0x000c0e    program     static C:\MCC18\src\traditional\stdclib\vfprintf.c
                  __pa_43   0x000c18    program     static C:\MCC18\src\traditional\stdclib\vfprintf.c
                  __pa_44   0x000c1e    program     static C:\MCC18\src\traditional\stdclib\vfprintf.c
                  __pa_45   0x000c28    program     static C:\MCC18\src\traditional\stdclib\vfprintf.c
                  __pa_46   0x000c34    program     static C:\MCC18\src\traditional\stdclib\vfprintf.c
               calc_sht1x   0x000c3e    program     extern E:\PIC18F2520_sensor_custom_uart_RS232\SHT1x_helper.c
                     ftoa   0x00107e    program     extern E:\PIC18F2520_sensor_custom_uart_RS232\SHT1x_helper.c
                 FLO1632U   0x001428    program     extern C:\MCC18\src\traditional\math\cast16FP.asm
                 FLO1632S   0x00142c    program     extern C:\MCC18\src\traditional\math\cast16FP.asm
                jI2F16Beg   0x00143c    program     static C:\MCC18\src\traditional\math\cast16FP.asm
                    FPS32   0x001452    program     extern C:\MCC18\src\traditional\math\addFP.asm
                    FPA32   0x001454    program     extern C:\MCC18\src\traditional\math\addFP.asm
                jBANotInf   0x001472    program     static C:\MCC18\src\traditional\math\addFP.asm
                 jANotInf   0x00147c    program     static C:\MCC18\src\traditional\math\addFP.asm
                 jBNotInf   0x00148a    program     static C:\MCC18\src\traditional\math\addFP.asm
            jDifOrPosSign   0x00149e    program     static C:\MCC18\src\traditional\math\addFP.asm
             jNotBothZero   0x0014a2    program     static C:\MCC18\src\traditional\math\addFP.asm
                 jAltBexp   0x0014ce    program     static C:\MCC18\src\traditional\math\addFP.asm
              jAandWsetup   0x0014e0    program     static C:\MCC18\src\traditional\math\addFP.asm
                 jANotNeg   0x001510    program     static C:\MCC18\src\traditional\math\addFP.asm
                 jWNotNeg   0x001524    program     static C:\MCC18\src\traditional\math\addFP.asm
               jShiftLoop   0x00152a    program     static C:\MCC18\src\traditional\math\addFP.asm
               jShiftDone   0x001538    program     static C:\MCC18\src\traditional\math\addFP.asm
                jSignDone   0x001568    program     static C:\MCC18\src\traditional\math\addFP.asm
               jFinalSign   0x001578    program     static C:\MCC18\src\traditional\math\addFP.asm
                    FPM32   0x001580    program     extern C:\MCC18\src\traditional\math\mulFP.asm
                 jANotInf   0x00159e    program     static C:\MCC18\src\traditional\math\mulFP.asm
              jBothFinite   0x0015ac    program     static C:\MCC18\src\traditional\math\mulFP.asm
                jHaveZero   0x0015b4    program     static C:\MCC18\src\traditional\math\mulFP.asm
             jBothNotZero   0x0015b8    program     static C:\MCC18\src\traditional\math\mulFP.asm
                 FXD1616S   0x00165a    program     extern C:\MCC18\src\traditional\math\fxd1616s.asm
                  DA1616S   0x00166c    program     static C:\MCC18\src\traditional\math\fxd1616s.asm
                   D1616S   0x00167c    program     static C:\MCC18\src\traditional\math\fxd1616s.asm
                 D1616SOK   0x001686    program     static C:\MCC18\src\traditional\math\fxd1616s.asm
                D1616SNEG   0x00168a    program     static C:\MCC18\src\traditional\math\fxd1616s.asm
                  D1616SX   0x00169c    program     static C:\MCC18\src\traditional\math\fxd1616s.asm
                 FXM1616S   0x0016a6    program     extern C:\MCC18\src\traditional\math\fxm1616s.asm
               TSIGN1616A   0x0016f2    program     static C:\MCC18\src\traditional\math\fxm1616s.asm
                  INT3216   0x001700    program     extern C:\MCC18\src\traditional\math\castFP16.asm
                     jMax   0x001710    program     static C:\MCC18\src\traditional\math\castFP16.asm
                  jMaxPos   0x001714    program     static C:\MCC18\src\traditional\math\castFP16.asm
                  jMaxNeg   0x00171e    program     static C:\MCC18\src\traditional\math\castFP16.asm
                    jZero   0x001726    program     static C:\MCC18\src\traditional\math\castFP16.asm
                  jNotInf   0x00172c    program     static C:\MCC18\src\traditional\math\castFP16.asm
                    jLoop   0x00173c    program     static C:\MCC18\src\traditional\math\castFP16.asm
                jLoopExit   0x00174c    program     static C:\MCC18\src\traditional\math\castFP16.asm
                    jExit   0x00175c    program     static C:\MCC18\src\traditional\math\castFP16.asm
                  TAGTB32   0x00175e    program     extern C:\MCC18\src\traditional\math\gtFP.asm
                  TALTB32   0x001770    program     extern C:\MCC18\src\traditional\math\ltFP.asm
              __FpCompare   0x001782    program     extern C:\MCC18\src\traditional\math\compFP.asm
             jBothNotZero   0x0017a0    program     static C:\MCC18\src\traditional\math\compFP.asm
                 jSignsEQ   0x0017a4    program     static C:\MCC18\src\traditional\math\compFP.asm
                      jEQ   0x0017bc    program     static C:\MCC18\src\traditional\math\compFP.asm
                      jNE   0x0017c0    program     static C:\MCC18\src\traditional\math\compFP.asm
                    jExch   0x0017c8    program     static C:\MCC18\src\traditional\math\compFP.asm
                  jNoExch   0x0017e8    program     static C:\MCC18\src\traditional\math\compFP.asm
                   jFinal   0x0017f2    program     static C:\MCC18\src\traditional\math\compFP.asm
                  jAisNeg   0x0017fe    program     static C:\MCC18\src\traditional\math\compFP.asm
                   jShift   0x001804    program     static C:\MCC18\src\traditional\math\compFP.asm
                   jExpEQ   0x00180e    program     static C:\MCC18\src\traditional\math\compFP.asm
                  jRotate   0x00181a    program     static C:\MCC18\src\traditional\math\compFP.asm
            __FpReturnNaN   0x00182c    program     extern C:\MCC18\src\traditional\math\packFP.asm
                 __FpExit   0x001838    program     extern C:\MCC18\src\traditional\math\packFP.asm
        __FpReturnSignInf   0x00183a    program     extern C:\MCC18\src\traditional\math\packFP.asm
         __FpReturnNegInf   0x00183e    program     extern C:\MCC18\src\traditional\math\packFP.asm
         __FpReturnPosInf   0x001844    program     extern C:\MCC18\src\traditional\math\packFP.asm
           jReturnPosInf0   0x001848    program     static C:\MCC18\src\traditional\math\packFP.asm
               jZero1and2   0x00184c    program     static C:\MCC18\src\traditional\math\packFP.asm
       __FpReturnSignZero   0x001852    program     extern C:\MCC18\src\traditional\math\packFP.asm
        __FpReturnNegZero   0x001856    program     extern C:\MCC18\src\traditional\math\packFP.asm
        __FpReturnPosZero   0x00185e    program     extern C:\MCC18\src\traditional\math\packFP.asm
                 __FpPack   0x001864    program     extern C:\MCC18\src\traditional\math\packFP.asm
                  jPkLoop   0x001872    program     static C:\MCC18\src\traditional\math\packFP.asm
             jPkShiftDone   0x00188e    program     static C:\MCC18\src\traditional\math\packFP.asm
               jPkRoundIt   0x0018a4    program     static C:\MCC18\src\traditional\math\packFP.asm
              __FpReturnW   0x0018bc    program     extern C:\MCC18\src\traditional\math\packFP.asm
             jPkRoundDone   0x0018bc    program     static C:\MCC18\src\traditional\math\packFP.asm
              __FpUnPackA   0x0018dc    program     extern C:\MCC18\src\traditional\math\UnpackFP.asm
                  jUnpkA1   0x0018e6    program     static C:\MCC18\src\traditional\math\UnpackFP.asm
                 jUnpkANZ   0x0018f4    program     static C:\MCC18\src\traditional\math\UnpackFP.asm
                  jUnpkA2   0x0018fe    program     static C:\MCC18\src\traditional\math\UnpackFP.asm
                 jUnpkNaN   0x001908    program     static C:\MCC18\src\traditional\math\UnpackFP.asm
              __FpUnPackB   0x00190c    program     extern C:\MCC18\src\traditional\math\UnpackFP.asm
                  jUnpkB1   0x001916    program     static C:\MCC18\src\traditional\math\UnpackFP.asm
                 jUnpkBNZ   0x001924    program     static C:\MCC18\src\traditional\math\UnpackFP.asm
                  jUnpkB2   0x00192e    program     static C:\MCC18\src\traditional\math\UnpackFP.asm
                 high_ISR   0x001938    program     extern E:\PIC18F2520_sensor_custom_uart_RS232\main.c
                     main   0x001a10    program     extern E:\PIC18F2520_sensor_custom_uart_RS232\main.c
              s_softreset   0x001d16    program     extern E:\PIC18F2520_sensor_custom_uart_RS232\SHT1x.c
                s_measure   0x001d3c    program     extern E:\PIC18F2520_sensor_custom_uart_RS232\SHT1x.c
             s_transstart   0x001e7e    program     extern E:\PIC18F2520_sensor_custom_uart_RS232\SHT1x.c
        s_connectionreset   0x001f1a    program     extern E:\PIC18F2520_sensor_custom_uart_RS232\SHT1x.c
              s_read_byte   0x001f76    program     extern E:\PIC18F2520_sensor_custom_uart_RS232\SHT1x.c
             s_write_byte   0x002018    program     extern E:\PIC18F2520_sensor_custom_uart_RS232\SHT1x.c
       get_cuUSART_status   0x0020a6    program     extern E:\PIC18F2520_sensor_custom_uart_RS232\cusart.c
             cUSART_tInit   0x0020ae    program     extern E:\PIC18F2520_sensor_custom_uart_RS232\cusart.c
                    uputs   0x0020ba    program     extern E:\PIC18F2520_sensor_custom_uart_RS232\cusart.c
                    uputc   0x0020f6    program     extern E:\PIC18F2520_sensor_custom_uart_RS232\cusart.c
                  sprintf   0x0021a2    program     extern C:\MCC18\src\traditional\stdclib\sprintf.c
                _do_cinit   0x00224e    program     extern C:\MCC18\src\traditional\startup\c018i.c
                     test   0x002268    program     static                          
                copy_loop   0x0022c0    program     static                          
            copy_one_byte   0x0022c6    program     static                          
             done_copying   0x0022d4    program     static                          
                     done   0x0022ea    program     static                          
       ___return_lbl00002   0x0022ea    program     static                          
                OpenUSART   0x0022ec    program     extern C:\MCC18\src\pmc_common\USART\uopen.c
                     putc   0x002376    program     extern C:\MCC18\src\traditional\stdclib\putc.c
                  FXM3232   0x0023fa    program     extern C:\MCC18\src\traditional\math\fxm3232.c
       ___return_lbl00000   0x002468    program     static                          
                  OpenADC   0x00246a    program     extern C:\MCC18\src\pmc_common\ADC\adcopen.c
                   strlen   0x0024d8    program     extern C:\MCC18\src\traditional\stdclib\strlen.asm
                    jLoop   0x0024e8    program     static C:\MCC18\src\traditional\stdclib\strlen.asm
                     jEnd   0x0024f2    program     static C:\MCC18\src\traditional\stdclib\strlen.asm
                strlenpgm   0x0024f4    program     extern C:\MCC18\src\traditional\stdclib\slenpgm.asm
                    jLoop   0x002512    program     static C:\MCC18\src\traditional\stdclib\slenpgm.asm
                   _2jEnd   0x002528    program     static C:\MCC18\src\traditional\stdclib\slenpgm.asm
                     jEnd   0x00252a    program     static C:\MCC18\src\traditional\stdclib\slenpgm.asm
                putsUSART   0x00253e    program     extern C:\MCC18\src\pmc_common\USART\uputs.c
                 FXD3232U   0x00258a    program     extern C:\MCC18\src\traditional\math\fxd3232u.c
                     loop   0x002598    program     static                          
                   _false   0x0025cc    program     static                          
       ___return_lbl00000   0x0025d0    program     static                          
               OpenTimer1   0x0025d2    program     extern C:\MCC18\src\pmc_common\Timers\t1open.c
                ReadUSART   0x002614    program     extern C:\MCC18\src\pmc_common\USART\uread.c
                  DelayMs   0x002652    program     extern E:\PIC18F2520_sensor_custom_uart_RS232\delay.c
              WriteTimer1   0x002690    program     extern C:\MCC18\src\pmc_common\Timers\t1write.c
             Delay10KTCYx   0x0026c8    program     extern C:\MCC18\src\traditional\delays\d10ktcyx.asm
                    D10Kx   0x0026d2    program     static C:\MCC18\src\traditional\delays\d10ktcyx.asm
                   D10K_1   0x0026d4    program     static C:\MCC18\src\traditional\delays\d10ktcyx.asm
       _D10KTCYXCODE_0010   0x0026d8    program     static C:\MCC18\src\traditional\delays\d10ktcyx.asm
                    D10Kl   0x0026e0    program     static C:\MCC18\src\traditional\delays\d10ktcyx.asm
       _D10KTCYXCODE_001C   0x0026e4    program     static C:\MCC18\src\traditional\delays\d10ktcyx.asm
               WriteUSART   0x0026f6    program     extern C:\MCC18\src\pmc_common\USART\uwrite.c
                 FXD1616U   0x002724    program     extern C:\MCC18\src\traditional\math\fxd1616u.c
                     loop   0x00272e    program     static                          
                  endloop   0x00274a    program     static                          
       ___return_lbl00000   0x00274e    program     static                          
                  isdigit   0x002750    program     extern C:\MCC18\src\traditional\stdclib\isdigit.asm
                   jMatch   0x002770    program     static C:\MCC18\src\traditional\stdclib\isdigit.asm
                 jNoMatch   0x002772    program     static C:\MCC18\src\traditional\stdclib\isdigit.asm
            __zero_memory   0x002774    program     extern C:\MCC18\src\traditional\proc\p18F2520.asm
               zero_block   0x002782    program     static C:\MCC18\src\traditional\proc\p18F2520.asm
                   loop_h   0x002782    program     static C:\MCC18\src\traditional\proc\p18F2520.asm
                compare_l   0x00278a    program     static C:\MCC18\src\traditional\proc\p18F2520.asm
                   loop_l   0x00278c    program     static C:\MCC18\src\traditional\proc\p18F2520.asm
                 _startup   0x002794    program     extern C:\MCC18\src\traditional\startup\c018i.c
                     loop   0x0027a4    program     static                          
       ___return_lbl00001   0x0027ae    program     static                          
              _usart_putc   0x0027b0    program     extern C:\MCC18\src\pmc_common\USART\_usartpc.asm
                     loop   0x0027c0    program     static C:\MCC18\src\pmc_common\USART\_usartpc.asm
               __string_2   0x0027cc    program     static E:\PIC18F2520_sensor_custom_uart_RS232\main.c
                  ReadADC   0x0027e2    program     extern C:\MCC18\src\pmc_common\ADC\adcread.c
                 s_digits   0x0027f4    program     static C:\MCC18\src\traditional\stdclib\vfprintf.c
                  BusyADC   0x002806    program     extern C:\MCC18\src\pmc_common\ADC\adcbusy.c
               ConvertADC   0x002810    program     extern C:\MCC18\src\pmc_common\ADC\adcconv.c
                   __init   0x002814    program     extern C:\MCC18\src\traditional\stdclib\__init.c
               __config_0   0x300001    program     static E:\PIC18F2520_sensor_custom_uart_RS232\main.c
               __config_1   0x300002    program     static E:\PIC18F2520_sensor_custom_uart_RS232\main.c
               __config_2   0x300003    program     static E:\PIC18F2520_sensor_custom_uart_RS232\main.c
               __config_3   0x300005    program     static E:\PIC18F2520_sensor_custom_uart_RS232\main.c
               __config_4   0x300006    program     static E:\PIC18F2520_sensor_custom_uart_RS232\main.c
                  __tmp_0   0x000000       data     static C:\MCC18\src\traditional\stdclib\putc.c
                  __tmp_0   0x000000       data     static C:\MCC18\src\traditional\stdclib\vfprintf.c
                  __tmp_0   0x000000       data     static C:\MCC18\src\traditional\stdclib\sprintf.c
                  __tmp_0   0x000000       data     static C:\MCC18\src\pmc_common\ADC\adcread.c
                  __tmp_0   0x000000       data     static C:\MCC18\src\pmc_common\USART\uopen.c
                  __tmp_0   0x000000       data     static C:\MCC18\src\pmc_common\ADC\adcopen.c
                  __tmp_0   0x000000       data     static E:\PIC18F2520_sensor_custom_uart_RS232\main.c
                  __tmp_0   0x000000       data     static E:\PIC18F2520_sensor_custom_uart_RS232\SHT1x.c
                  __tmp_0   0x000000       data     static E:\PIC18F2520_sensor_custom_uart_RS232\cusart.c
                  __tmp_0   0x000000       data     static E:\PIC18F2520_sensor_custom_uart_RS232\SHT1x_helper.c
                     SIGN   0x00001c       data     extern C:\MCC18\src\traditional\math\cmath18.asm
            __FPFLAGSbits   0x00001d       data     extern C:\MCC18\src\traditional\math\cmath18.asm
                __FPFLAGS   0x00001d       data     extern C:\MCC18\src\traditional\math\cmath18.asm
                 __AARGB7   0x00001e       data     extern C:\MCC18\src\traditional\math\aarg.asm
                  __REMB3   0x00001e       data     extern C:\MCC18\src\traditional\math\aarg.asm
                  __REMB2   0x00001f       data     extern C:\MCC18\src\traditional\math\aarg.asm
                 __AARGB6   0x00001f       data     extern C:\MCC18\src\traditional\math\aarg.asm
                  __REMB1   0x000020       data     extern C:\MCC18\src\traditional\math\aarg.asm
                 __AARGB5   0x000020       data     extern C:\MCC18\src\traditional\math\aarg.asm
                 __AARGB4   0x000021       data     extern C:\MCC18\src\traditional\math\aarg.asm
                  __REMB0   0x000021       data     extern C:\MCC18\src\traditional\math\aarg.asm
                 __AARGB3   0x000022       data     extern C:\MCC18\src\traditional\math\aarg.asm
                 __AARGB2   0x000023       data     extern C:\MCC18\src\traditional\math\aarg.asm
                 __AARGB1   0x000024       data     extern C:\MCC18\src\traditional\math\aarg.asm
                 __AARGB0   0x000025       data     extern C:\MCC18\src\traditional\math\aarg.asm
[...]
                 __BARGB2   0x000028       data     extern C:\MCC18\src\traditional\math\barg.asm
                 __BARGB1   0x000029       data     extern C:\MCC18\src\traditional\math\barg.asm
                 __BARGB0   0x00002a       data     extern C:\MCC18\src\traditional\math\barg.asm
                   __BEXP   0x00002b       data     extern C:\MCC18\src\traditional\math\barg.asm
                 __TEMPB3   0x00002c       data     extern C:\MCC18\src\traditional\math\temparg.asm
                 __TEMPB2   0x00002d       data     extern C:\MCC18\src\traditional\math\temparg.asm
                 __TEMPB1   0x00002e       data     extern C:\MCC18\src\traditional\math\temparg.asm
                 __TEMPB0   0x00002f       data     extern C:\MCC18\src\traditional\math\temparg.asm
                   __TEMP   0x00002f       data     extern C:\MCC18\src\traditional\math\temparg.asm
            DelayCounter2   0x000030       data     extern C:\MCC18\src\traditional\delays\delayd2.asm
            DelayCounter1   0x000031       data     extern C:\MCC18\src\traditional\delays\delayd1.asm
                  buffer1   0x000080       data     extern E:\PIC18F2520_sensor_custom_uart_RS232\main.c
                  buffer2   0x000086       data     extern E:\PIC18F2520_sensor_custom_uart_RS232\main.c
                       Rx   0x00008c       data     extern E:\PIC18F2520_sensor_custom_uart_RS232\main.c
                adcResult   0x00008d       data     extern E:\PIC18F2520_sensor_custom_uart_RS232\main.c
                     astr   0x00008f       data     extern E:\PIC18F2520_sensor_custom_uart_RS232\main.c
                 ADCfirst   0x0000cb       data     extern E:\PIC18F2520_sensor_custom_uart_RS232\main.c
                    to232   0x0000cc       data     extern E:\PIC18F2520_sensor_custom_uart_RS232\main.c
                   toxbee   0x0000d6       data     extern E:\PIC18F2520_sensor_custom_uart_RS232\main.c
                     prom   0x0000de       data     static C:\MCC18\src\traditional\startup\c018i.c
                curr_byte   0x0000e1       data     static C:\MCC18\src\traditional\startup\c018i.c
               curr_entry   0x0000e3       data     static C:\MCC18\src\traditional\startup\c018i.c
                 data_ptr   0x0000e5       data     static C:\MCC18\src\traditional\startup\c018i.c
             USART_Status   0x0000e8       data     extern C:\MCC18\src\pmc_common\USART\udefs.c
           cuUSART_STATUS   0x0000e9       data     extern E:\PIC18F2520_sensor_custom_uart_RS232\cusart.c
                PORTAbits   0x000f80       data     extern C:\MCC18\src\traditional\proc\p18F2520.asm
                    PORTA   0x000f80       data     extern C:\MCC18\src\traditional\proc\p18F2520.asm
                PORTBbits   0x000f81       data     extern C:\MCC18\src\traditional\proc\p18F2520.asm
                    PORTB   0x000f81       data     extern C:\MCC18\src\traditional\proc\p18F2520.asm
                    PORTC   0x000f82       data     extern C:\MCC18\src\traditional\proc\p18F2520.asm
                PORTCbits   0x000f82       data     extern C:\MCC18\src\traditional\proc\p18F2520.asm
                    PORTE   0x000f84       data     extern C:\MCC18\src\traditional\proc\p18F2520.asm
                PORTEbits   0x000f84       data     extern C:\MCC18\src\traditional\proc\p18F2520.asm
                 LATAbits   0x000f89       data     extern C:\MCC18\src\traditional\proc\p18F2520.asm
                     LATA   0x000f89       data     extern C:\MCC18\src\traditional\proc\p18F2520.asm
                 LATBbits   0x000f8a       data     extern C:\MCC18\src\traditional\proc\p18F2520.asm
                     LATB   0x000f8a       data     extern C:\MCC18\src\traditional\proc\p18F2520.asm
                 LATCbits   0x000f8b       data     extern C:\MCC18\src\traditional\proc\p18F2520.asm
                     LATC   0x000f8b       data     extern C:\MCC18\src\traditional\proc\p18F2520.asm
                TRISAbits   0x000f92       data     extern C:\MCC18\src\traditional\proc\p18F2520.asm
                    TRISA   0x000f92       data     extern C:\MCC18\src\traditional\proc\p18F2520.asm
                     DDRA   0x000f92       data     extern C:\MCC18\src\traditional\proc\p18F2520.asm
                 DDRAbits   0x000f92       data     extern C:\MCC18\src\traditional\proc\p18F2520.asm
                TRISBbits   0x000f93       data     extern C:\MCC18\src\traditional\proc\p18F2520.asm
                    TRISB   0x000f93       data     extern C:\MCC18\src\traditional\proc\p18F2520.asm
                     DDRB   0x000f93       data     extern C:\MCC18\src\traditional\proc\p18F2520.asm
                 DDRBbits   0x000f93       data     extern C:\MCC18\src\traditional\proc\p18F2520.asm
                    TRISC   0x000f94       data     extern C:\MCC18\src\traditional\proc\p18F2520.asm
                TRISCbits   0x000f94       data     extern C:\MCC18\src\traditional\proc\p18F2520.asm
                 DDRCbits   0x000f94       data     extern C:\MCC18\src\traditional\proc\p18F2520.asm
                     DDRC   0x000f94       data     extern C:\MCC18\src\traditional\proc\p18F2520.asm
                  OSCTUNE   0x000f9b       data     extern C:\MCC18\src\traditional\proc\p18F2520.asm
              OSCTUNEbits   0x000f9b       data     extern C:\MCC18\src\traditional\proc\p18F2520.asm
                     PIE1   0x000f9d       data     extern C:\MCC18\src\traditional\proc\p18F2520.asm
                 PIE1bits   0x000f9d       data     extern C:\MCC18\src\traditional\proc\p18F2520.asm
                     PIR1   0x000f9e       data     extern C:\MCC18\src\traditional\proc\p18F2520.asm
                 PIR1bits   0x000f9e       data     extern C:\MCC18\src\traditional\proc\p18F2520.asm
                 IPR1bits   0x000f9f       data     extern C:\MCC18\src\traditional\proc\p18F2520.asm
                     IPR1   0x000f9f       data     extern C:\MCC18\src\traditional\proc\p18F2520.asm
                     PIE2   0x000fa0       data     extern C:\MCC18\src\traditional\proc\p18F2520.asm
                 PIE2bits   0x000fa0       data     extern C:\MCC18\src\traditional\proc\p18F2520.asm
                     PIR2   0x000fa1       data     extern C:\MCC18\src\traditional\proc\p18F2520.asm
                 PIR2bits   0x000fa1       data     extern C:\MCC18\src\traditional\proc\p18F2520.asm
                 IPR2bits   0x000fa2       data     extern C:\MCC18\src\traditional\proc\p18F2520.asm
                     IPR2   0x000fa2       data     extern C:\MCC18\src\traditional\proc\p18F2520.asm
               EECON1bits   0x000fa6       data     extern C:\MCC18\src\traditional\proc\p18F2520.asm
                   EECON1   0x000fa6       data     extern C:\MCC18\src\traditional\proc\p18F2520.asm
                   EECON2   0x000fa7       data     extern C:\MCC18\src\traditional\proc\p18F2520.asm
                   EEDATA   0x000fa8       data     extern C:\MCC18\src\traditional\proc\p18F2520.asm
                    EEADR   0x000fa9       data     extern C:\MCC18\src\traditional\proc\p18F2520.asm
                    RCSTA   0x000fab       data     extern C:\MCC18\src\traditional\proc\p18F2520.asm
                RCSTAbits   0x000fab       data     extern C:\MCC18\src\traditional\proc\p18F2520.asm
                TXSTAbits   0x000fac       data     extern C:\MCC18\src\traditional\proc\p18F2520.asm
                    TXSTA   0x000fac       data     extern C:\MCC18\src\traditional\proc\p18F2520.asm
                    TXREG   0x000fad       data     extern C:\MCC18\src\traditional\proc\p18F2520.asm
                    RCREG   0x000fae       data     extern C:\MCC18\src\traditional\proc\p18F2520.asm
                    SPBRG   0x000faf       data     extern C:\MCC18\src\traditional\proc\p18F2520.asm
                   SPBRGH   0x000fb0       data     extern C:\MCC18\src\traditional\proc\p18F2520.asm
                T3CONbits   0x000fb1       data     extern C:\MCC18\src\traditional\proc\p18F2520.asm
                    T3CON   0x000fb1       data     extern C:\MCC18\src\traditional\proc\p18F2520.asm
                    TMR3L   0x000fb2       data     extern C:\MCC18\src\traditional\proc\p18F2520.asm
                    TMR3H   0x000fb3       data     extern C:\MCC18\src\traditional\proc\p18F2520.asm
                CMCONbits   0x000fb4       data     extern C:\MCC18\src\traditional\proc\p18F2520.asm
                    CMCON   0x000fb4       data     extern C:\MCC18\src\traditional\proc\p18F2520.asm
               CVRCONbits   0x000fb5       data     extern C:\MCC18\src\traditional\proc\p18F2520.asm
                   CVRCON   0x000fb5       data     extern C:\MCC18\src\traditional\proc\p18F2520.asm
              ECCP1ASbits   0x000fb6       data     extern C:\MCC18\src\traditional\proc\p18F2520.asm
                  ECCP1AS   0x000fb6       data     extern C:\MCC18\src\traditional\proc\p18F2520.asm
                  PWM1CON   0x000fb7       data     extern C:\MCC18\src\traditional\proc\p18F2520.asm
              PWM1CONbits   0x000fb7       data     extern C:\MCC18\src\traditional\proc\p18F2520.asm
              BAUDCTLbits   0x000fb8       data     extern C:\MCC18\src\traditional\proc\p18F2520.asm
                  BAUDCTL   0x000fb8       data     extern C:\MCC18\src\traditional\proc\p18F2520.asm
              BAUDCONbits   0x000fb8       data     extern C:\MCC18\src\traditional\proc\p18F2520.asm
                  BAUDCON   0x000fb8       data     extern C:\MCC18\src\traditional\proc\p18F2520.asm
              CCP2CONbits   0x000fba       data     extern C:\MCC18\src\traditional\proc\p18F2520.asm
                  CCP2CON   0x000fba       data     extern C:\MCC18\src\traditional\proc\p18F2520.asm
                   CCPR2L   0x000fbb       data     extern C:\MCC18\src\traditional\proc\p18F2520.asm
                    CCPR2   0x000fbb       data     extern C:\MCC18\src\traditional\proc\p18F2520.asm
                   CCPR2H   0x000fbc       data     extern C:\MCC18\src\traditional\proc\p18F2520.asm
              CCP1CONbits   0x000fbd       data     extern C:\MCC18\src\traditional\proc\p18F2520.asm
                  CCP1CON   0x000fbd       data     extern C:\MCC18\src\traditional\proc\p18F2520.asm
                   CCPR1L   0x000fbe       data     extern C:\MCC18\src\traditional\proc\p18F2520.asm
                    CCPR1   0x000fbe       data     extern C:\MCC18\src\traditional\proc\p18F2520.asm
                   CCPR1H   0x000fbf       data     extern C:\MCC18\src\traditional\proc\p18F2520.asm
               ADCON2bits   0x000fc0       data     extern C:\MCC18\src\traditional\proc\p18F2520.asm
                   ADCON2   0x000fc0       data     extern C:\MCC18\src\traditional\proc\p18F2520.asm
               ADCON1bits   0x000fc1       data     extern C:\MCC18\src\traditional\proc\p18F2520.asm
                   ADCON1   0x000fc1       data     extern C:\MCC18\src\traditional\proc\p18F2520.asm
                   ADCON0   0x000fc2       data     extern C:\MCC18\src\traditional\proc\p18F2520.asm
               ADCON0bits   0x000fc2       data     extern C:\MCC18\src\traditional\proc\p18F2520.asm
                    ADRES   0x000fc3       data     extern C:\MCC18\src\traditional\proc\p18F2520.asm
                   ADRESL   0x000fc3       data     extern C:\MCC18\src\traditional\proc\p18F2520.asm
                   ADRESH   0x000fc4       data     extern C:\MCC18\src\traditional\proc\p18F2520.asm
                  SSPCON2   0x000fc5       data     extern C:\MCC18\src\traditional\proc\p18F2520.asm
              SSPCON2bits   0x000fc5       data     extern C:\MCC18\src\traditional\proc\p18F2520.asm
                  SSPCON1   0x000fc6       data     extern C:\MCC18\src\traditional\proc\p18F2520.asm
              SSPCON1bits   0x000fc6       data     extern C:\MCC18\src\traditional\proc\p18F2520.asm
              SSPSTATbits   0x000fc7       data     extern C:\MCC18\src\traditional\proc\p18F2520.asm
                  SSPSTAT   0x000fc7       data     extern C:\MCC18\src\traditional\proc\p18F2520.asm
                   SSPADD   0x000fc8       data     extern C:\MCC18\src\traditional\proc\p18F2520.asm
                   SSPBUF   0x000fc9       data     extern C:\MCC18\src\traditional\proc\p18F2520.asm
                    T2CON   0x000fca       data     extern C:\MCC18\src\traditional\proc\p18F2520.asm
                T2CONbits   0x000fca       data     extern C:\MCC18\src\traditional\proc\p18F2520.asm
                      PR2   0x000fcb       data     extern C:\MCC18\src\traditional\proc\p18F2520.asm
                     TMR2   0x000fcc       data     extern C:\MCC18\src\traditional\proc\p18F2520.asm
                    T1CON   0x000fcd       data     extern C:\MCC18\src\traditional\proc\p18F2520.asm
                T1CONbits   0x000fcd       data     extern C:\MCC18\src\traditional\proc\p18F2520.asm
                    TMR1L   0x000fce       data     extern C:\MCC18\src\traditional\proc\p18F2520.asm
                    TMR1H   0x000fcf       data     extern C:\MCC18\src\traditional\proc\p18F2520.asm
                     RCON   0x000fd0       data     extern C:\MCC18\src\traditional\proc\p18F2520.asm
                 RCONbits   0x000fd0       data     extern C:\MCC18\src\traditional\proc\p18F2520.asm
                   WDTCON   0x000fd1       data     extern C:\MCC18\src\traditional\proc\p18F2520.asm
               WDTCONbits   0x000fd1       data     extern C:\MCC18\src\traditional\proc\p18F2520.asm
                  HLVDCON   0x000fd2       data     extern C:\MCC18\src\traditional\proc\p18F2520.asm
              HLVDCONbits   0x000fd2       data     extern C:\MCC18\src\traditional\proc\p18F2520.asm
                   LVDCON   0x000fd2       data     extern C:\MCC18\src\traditional\proc\p18F2520.asm
               LVDCONbits   0x000fd2       data     extern C:\MCC18\src\traditional\proc\p18F2520.asm
                   OSCCON   0x000fd3       data     extern C:\MCC18\src\traditional\proc\p18F2520.asm
               OSCCONbits   0x000fd3       data     extern C:\MCC18\src\traditional\proc\p18F2520.asm
                    T0CON   0x000fd5       data     extern C:\MCC18\src\traditional\proc\p18F2520.asm
                T0CONbits   0x000fd5       data     extern C:\MCC18\src\traditional\proc\p18F2520.asm
                    TMR0L   0x000fd6       data     extern C:\MCC18\src\traditional\proc\p18F2520.asm
                    TMR0H   0x000fd7       data     extern C:\MCC18\src\traditional\proc\p18F2520.asm
               STATUSbits   0x000fd8       data     extern C:\MCC18\src\traditional\proc\p18F2520.asm
                   STATUS   0x000fd8       data     extern C:\MCC18\src\traditional\proc\p18F2520.asm
                    FSR2L   0x000fd9       data     extern C:\MCC18\src\traditional\proc\p18F2520.asm
                     FSR2   0x000fd9       data     extern C:\MCC18\src\traditional\proc\p18F2520.asm
                    FSR2H   0x000fda       data     extern C:\MCC18\src\traditional\proc\p18F2520.asm
                   PLUSW2   0x000fdb       data     extern C:\MCC18\src\traditional\proc\p18F2520.asm
                  PREINC2   0x000fdc       data     extern C:\MCC18\src\traditional\proc\p18F2520.asm
                 POSTDEC2   0x000fdd       data     extern C:\MCC18\src\traditional\proc\p18F2520.asm
                 POSTINC2   0x000fde       data     extern C:\MCC18\src\traditional\proc\p18F2520.asm
                    INDF2   0x000fdf       data     extern C:\MCC18\src\traditional\proc\p18F2520.asm
                      BSR   0x000fe0       data     extern C:\MCC18\src\traditional\proc\p18F2520.asm
                    FSR1L   0x000fe1       data     extern C:\MCC18\src\traditional\proc\p18F2520.asm
                     FSR1   0x000fe1       data     extern C:\MCC18\src\traditional\proc\p18F2520.asm
                    FSR1H   0x000fe2       data     extern C:\MCC18\src\traditional\proc\p18F2520.asm
                   PLUSW1   0x000fe3       data     extern C:\MCC18\src\traditional\proc\p18F2520.asm
                  PREINC1   0x000fe4       data     extern C:\MCC18\src\traditional\proc\p18F2520.asm
                 POSTDEC1   0x000fe5       data     extern C:\MCC18\src\traditional\proc\p18F2520.asm
                 POSTINC1   0x000fe6       data     extern C:\MCC18\src\traditional\proc\p18F2520.asm
                    INDF1   0x000fe7       data     extern C:\MCC18\src\traditional\proc\p18F2520.asm
                        W   0x000fe8       data     extern C:\MCC18\src\traditional\proc\p18F2520.asm
                     WREG   0x000fe8       data     extern C:\MCC18\src\traditional\proc\p18F2520.asm
                     FSR0   0x000fe9       data     extern C:\MCC18\src\traditional\proc\p18F2520.asm
                    FSR0L   0x000fe9       data     extern C:\MCC18\src\traditional\proc\p18F2520.asm
                    FSR0H   0x000fea       data     extern C:\MCC18\src\traditional\proc\p18F2520.asm
                   PLUSW0   0x000feb       data     extern C:\MCC18\src\traditional\proc\p18F2520.asm
                  PREINC0   0x000fec       data     extern C:\MCC18\src\traditional\proc\p18F2520.asm
                 POSTDEC0   0x000fed       data     extern C:\MCC18\src\traditional\proc\p18F2520.asm
                 POSTINC0   0x000fee       data     extern C:\MCC18\src\traditional\proc\p18F2520.asm
                    INDF0   0x000fef       data     extern C:\MCC18\src\traditional\proc\p18F2520.asm
              INTCON3bits   0x000ff0       data     extern C:\MCC18\src\traditional\proc\p18F2520.asm
                  INTCON3   0x000ff0       data     extern C:\MCC18\src\traditional\proc\p18F2520.asm
              INTCON2bits   0x000ff1       data     extern C:\MCC18\src\traditional\proc\p18F2520.asm
                  INTCON2   0x000ff1       data     extern C:\MCC18\src\traditional\proc\p18F2520.asm
               INTCONbits   0x000ff2       data     extern C:\MCC18\src\traditional\proc\p18F2520.asm
                   INTCON   0x000ff2       data     extern C:\MCC18\src\traditional\proc\p18F2520.asm
                     PROD   0x000ff3       data     extern C:\MCC18\src\traditional\proc\p18F2520.asm
                    PRODL   0x000ff3       data     extern C:\MCC18\src\traditional\proc\p18F2520.asm
                    PRODH   0x000ff4       data     extern C:\MCC18\src\traditional\proc\p18F2520.asm
                   TABLAT   0x000ff5       data     extern C:\MCC18\src\traditional\proc\p18F2520.asm
                  TBLPTRL   0x000ff6       data     extern C:\MCC18\src\traditional\proc\p18F2520.asm
                   TBLPTR   0x000ff6       data     extern C:\MCC18\src\traditional\proc\p18F2520.asm
                  TBLPTRH   0x000ff7       data     extern C:\MCC18\src\traditional\proc\p18F2520.asm
                  TBLPTRU   0x000ff8       data     extern C:\MCC18\src\traditional\proc\p18F2520.asm
                      PCL   0x000ff9       data     extern C:\MCC18\src\traditional\proc\p18F2520.asm
                       PC   0x000ff9       data     extern C:\MCC18\src\traditional\proc\p18F2520.asm
                   PCLATH   0x000ffa       data     extern C:\MCC18\src\traditional\proc\p18F2520.asm
                   PCLATU   0x000ffb       data     extern C:\MCC18\src\traditional\proc\p18F2520.asm
               STKPTRbits   0x000ffc       data     extern C:\MCC18\src\traditional\proc\p18F2520.asm
                   STKPTR   0x000ffc       data     extern C:\MCC18\src\traditional\proc\p18F2520.asm
                     TOSL   0x000ffd       data     extern C:\MCC18\src\traditional\proc\p18F2520.asm
                      TOS   0x000ffd       data     extern C:\MCC18\src\traditional\proc\p18F2520.asm
                     TOSH   0x000ffe       data     extern C:\MCC18\src\traditional\proc\p18F2520.asm
                     TOSU   0x000fff       data     extern C:\MCC18\src\traditional\proc\p18F2520.asm


